0 verbose cli C:\Program Files\nodejs\node.exe C:\Program Files\nodejs\node_modules\npm\bin\npm-cli.js
1 info using npm@11.17.0
2 info using node@v24.19.0
3 silly config load:file:C:\Program Files\nodejs\node_modules\npm\npmrc
4 silly config load:file:C:\Users\arjav\OneDrive\Documents\ACM\memory minigame\.npmrc
5 silly config load:file:C:\Users\arjav\AppData\Roaming\SPB_Data\.npmrc
6 silly config load:file:C:\Users\arjav\AppData\Roaming\npm\etc\npmrc
7 verbose title npm install
8 verbose argv "install"
9 verbose logfile logs-max:10 dir:C:\Users\arjav\OneDrive\Documents\ACM\memory minigame\.npm-cache\_logs\2026-09-04T17_57_51_313Z-
10 verbose logfile C:\Users\arjav\OneDrive\Documents\ACM\memory minigame\.npm-cache\_logs\2026-09-04T17_57_51_313Z-debug-0.log
11 silly logfile done cleaning log files
12 silly packumentCache heap:4496293888 maxSize:1124073472 maxEntrySize:562036736
13 silly idealTree buildDeps
14 silly fetch manifest typescript@^5.6.3
15 silly packumentCache full:https://registry.npmjs.org/typescript cache-miss
16 http fetch GET 200 https://registry.npmjs.org/npm 1147ms
17 http fetch GET 200 https://registry.npmjs.org/typescript 1333ms (cache miss)
18 silly packumentCache full:https://registry.npmjs.org/typescript set size:undefined disposed:false
19 silly fetch manifest vite@^6.0.0
20 silly packumentCache full:https://registry.npmjs.org/vite cache-miss
21 http fetch GET 200 https://registry.npmjs.org/vite 1428ms (cache miss)
22 silly packumentCache full:https://registry.npmjs.org/vite set size:undefined disposed:false
23 silly fetch manifest @types/node@^18.0.0 || ^20.0.0 || >=22.0.0
24 silly packumentCache full:https://registry.npmjs.org/@types%2fnode cache-miss
25 http fetch GET 200 https://registry.npmjs.org/@types%2fnode 373ms (cache miss)
26 silly packumentCache full:https://registry.npmjs.org/@types%2fnode set size:undefined disposed:false
27 silly fetch manifest jiti@>=1.21.0
28 silly packumentCache full:https://registry.npmjs.org/jiti cache-miss
29 http fetch GET 200 https://registry.npmjs.org/jiti 357ms (cache miss)
30 silly packumentCache full:https://registry.npmjs.org/jiti set size:undefined disposed:false
31 silly fetch manifest less@*
32 silly packumentCache full:https://registry.npmjs.org/less cache-miss
33 http fetch GET 200 https://registry.npmjs.org/less 110ms (cache miss)
34 silly packumentCache full:https://registry.npmjs.org/less set size:undefined disposed:false
35 silly fetch manifest lightningcss@^1.21.0
36 silly packumentCache full:https://registry.npmjs.org/lightningcss cache-miss
37 http fetch GET 200 https://registry.npmjs.org/lightningcss 87ms (cache miss)
38 silly packumentCache full:https://registry.npmjs.org/lightningcss set size:undefined disposed:false
39 silly fetch manifest sass@*
40 silly packumentCache full:https://registry.npmjs.org/sass cache-miss
41 http fetch GET 200 https://registry.npmjs.org/sass 121ms (cache miss)
42 silly packumentCache full:https://registry.npmjs.org/sass set size:undefined disposed:false
43 silly fetch manifest sass-embedded@*
44 silly packumentCache full:https://registry.npmjs.org/sass-embedded cache-miss
45 http fetch GET 200 https://registry.npmjs.org/sass-embedded 102ms (cache miss)
46 silly packumentCache full:https://registry.npmjs.org/sass-embedded set size:undefined disposed:false
47 silly fetch manifest stylus@*
48 silly packumentCache full:https://registry.npmjs.org/stylus cache-miss
49 http fetch GET 200 https://registry.npmjs.org/stylus 372ms (cache miss)
50 silly packumentCache full:https://registry.npmjs.org/stylus set size:undefined disposed:false
51 silly fetch manifest sugarss@*
52 silly packumentCache full:https://registry.npmjs.org/sugarss cache-miss
53 http fetch GET 200 https://registry.npmjs.org/sugarss 92ms (cache miss)
54 silly packumentCache full:https://registry.npmjs.org/sugarss set size:undefined disposed:false
55 silly fetch manifest postcss@^8.3.3
56 silly packumentCache full:https://registry.npmjs.org/postcss cache-miss
57 http fetch GET 200 https://registry.npmjs.org/postcss 151ms (cache miss)
58 silly packumentCache full:https://registry.npmjs.org/postcss set size:undefined disposed:false
59 silly fetch manifest terser@^5.16.0
60 silly packumentCache full:https://registry.npmjs.org/terser cache-miss
61 http fetch GET 200 https://registry.npmjs.org/terser 169ms (cache miss)
62 silly packumentCache full:https://registry.npmjs.org/terser set size:undefined disposed:false
63 silly fetch manifest tsx@^4.8.1
64 silly packumentCache full:https://registry.npmjs.org/tsx cache-miss
65 http fetch GET 200 https://registry.npmjs.org/tsx 132ms (cache miss)
66 silly packumentCache full:https://registry.npmjs.org/tsx set size:undefined disposed:false
67 silly fetch manifest yaml@^2.4.2
68 silly packumentCache full:https://registry.npmjs.org/yaml cache-miss
69 http fetch GET 200 https://registry.npmjs.org/yaml 92ms (cache miss)
70 silly packumentCache full:https://registry.npmjs.org/yaml set size:undefined disposed:false
71 silly placeDep ROOT typescript@5.9.3 OK for: memory-minigame@1.0.0 want: ^5.6.3
72 silly placeDep ROOT vite@6.4.3 OK for: memory-minigame@1.0.0 want: ^6.0.0
73 silly fetch manifest fdir@^6.4.4
74 silly packumentCache full:https://registry.npmjs.org/fdir cache-miss
75 silly fetch manifest rollup@^4.34.9
76 silly packumentCache full:https://registry.npmjs.org/rollup cache-miss
77 silly fetch manifest esbuild@^0.25.0
78 silly packumentCache full:https://registry.npmjs.org/esbuild cache-miss
79 silly fetch manifest postcss@^8.5.3
80 silly packumentCache full:https://registry.npmjs.org/postcss cache-miss
81 silly fetch manifest picomatch@^4.0.2
82 silly packumentCache full:https://registry.npmjs.org/picomatch cache-miss
83 silly fetch manifest tinyglobby@^0.2.13
84 silly packumentCache full:https://registry.npmjs.org/tinyglobby cache-miss
85 silly fetch manifest fsevents@~2.3.3
86 silly packumentCache full:https://registry.npmjs.org/fsevents cache-miss
87 http cache https://registry.npmjs.org/postcss 60ms (cache hit)
88 silly packumentCache full:https://registry.npmjs.org/postcss set size:766699 disposed:false
89 http fetch GET 200 https://registry.npmjs.org/fdir 125ms (cache miss)
90 silly packumentCache full:https://registry.npmjs.org/fdir set size:undefined disposed:false
91 http fetch GET 200 https://registry.npmjs.org/rollup 309ms (cache miss)
92 silly packumentCache full:https://registry.npmjs.org/rollup set size:undefined disposed:false
93 http fetch GET 200 https://registry.npmjs.org/tinyglobby 474ms (cache miss)
94 silly packumentCache full:https://registry.npmjs.org/tinyglobby set size:undefined disposed:false
95 http fetch GET 200 https://registry.npmjs.org/picomatch 485ms (cache miss)
96 silly packumentCache full:https://registry.npmjs.org/picomatch set size:undefined disposed:false
97 http fetch GET 200 https://registry.npmjs.org/fsevents 490ms (cache miss)
98 silly packumentCache full:https://registry.npmjs.org/fsevents set size:undefined disposed:false
99 http fetch GET 200 https://registry.npmjs.org/esbuild 551ms (cache miss)
100 silly packumentCache full:https://registry.npmjs.org/esbuild set size:undefined disposed:false
101 silly placeDep ROOT esbuild@0.25.12 OK for: vite@6.4.3 want: ^0.25.0
102 silly placeDep ROOT fdir@6.5.0 OK for: vite@6.4.3 want: ^6.4.4
103 silly placeDep ROOT fsevents@2.3.3 OK for: vite@6.4.3 want: ~2.3.3
104 silly placeDep ROOT picomatch@4.0.7 OK for: vite@6.4.3 want: ^4.0.2
105 silly placeDep ROOT postcss@8.5.28 OK for: vite@6.4.3 want: ^8.5.3
106 silly placeDep ROOT rollup@4.63.1 OK for: vite@6.4.3 want: ^4.34.9
107 silly placeDep ROOT tinyglobby@0.2.17 OK for: vite@6.4.3 want: ^0.2.13
108 silly fetch manifest @esbuild/aix-ppc64@0.25.12
109 silly packumentCache full:https://registry.npmjs.org/@esbuild%2faix-ppc64 cache-miss
110 silly fetch manifest @esbuild/linux-arm@0.25.12
111 silly packumentCache full:https://registry.npmjs.org/@esbuild%2flinux-arm cache-miss
112 silly fetch manifest @esbuild/linux-x64@0.25.12
113 silly packumentCache full:https://registry.npmjs.org/@esbuild%2flinux-x64 cache-miss
114 silly fetch manifest @esbuild/sunos-x64@0.25.12
115 silly packumentCache full:https://registry.npmjs.org/@esbuild%2fsunos-x64 cache-miss
116 silly fetch manifest @esbuild/win32-x64@0.25.12
117 silly packumentCache full:https://registry.npmjs.org/@esbuild%2fwin32-x64 cache-miss
118 silly fetch manifest @esbuild/darwin-x64@0.25.12
119 silly packumentCache full:https://registry.npmjs.org/@esbuild%2fdarwin-x64 cache-miss
120 silly fetch manifest @esbuild/linux-ia32@0.25.12
121 silly packumentCache full:https://registry.npmjs.org/@esbuild%2flinux-ia32 cache-miss
122 silly fetch manifest @esbuild/netbsd-x64@0.25.12
123 silly packumentCache full:https://registry.npmjs.org/@esbuild%2fnetbsd-x64 cache-miss
124 silly fetch manifest @esbuild/win32-ia32@0.25.12
125 silly packumentCache full:https://registry.npmjs.org/@esbuild%2fwin32-ia32 cache-miss
126 silly fetch manifest @esbuild/android-arm@0.25.12
127 silly packumentCache full:https://registry.npmjs.org/@esbuild%2fandroid-arm cache-miss
128 silly fetch manifest @esbuild/android-x64@0.25.12
129 silly packumentCache full:https://registry.npmjs.org/@esbuild%2fandroid-x64 cache-miss
130 http fetch GET 200 https://registry.npmjs.org/@esbuild%2faix-ppc64 317ms (cache miss)
131 silly packumentCache full:https://registry.npmjs.org/@esbuild%2faix-ppc64 set size:undefined disposed:false
132 silly fetch manifest @esbuild/freebsd-x64@0.25.12
133 silly packumentCache full:https://registry.npmjs.org/@esbuild%2ffreebsd-x64 cache-miss
134 http fetch GET 200 https://registry.npmjs.org/@esbuild%2flinux-arm 336ms (cache miss)
135 silly packumentCache full:https://registry.npmjs.org/@esbuild%2flinux-arm set size:undefined disposed:false
136 silly fetch manifest @esbuild/linux-arm64@0.25.12
137 silly packumentCache full:https://registry.npmjs.org/@esbuild%2flinux-arm64 cache-miss
138 http fetch GET 200 https://registry.npmjs.org/@esbuild%2fdarwin-x64 345ms (cache miss)
139 silly packumentCache full:https://registry.npmjs.org/@esbuild%2fdarwin-x64 set size:undefined disposed:false
140 silly fetch manifest @esbuild/linux-ppc64@0.25.12
141 silly packumentCache full:https://registry.npmjs.org/@esbuild%2flinux-ppc64 cache-miss
142 http fetch GET 200 https://registry.npmjs.org/@esbuild%2flinux-x64 360ms (cache miss)
143 silly packumentCache full:https://registry.npmjs.org/@esbuild%2flinux-x64 set size:undefined disposed:false
144 silly fetch manifest @esbuild/linux-s390x@0.25.12
145 silly packumentCache full:https://registry.npmjs.org/@esbuild%2flinux-s390x cache-miss
146 http fetch GET 200 https://registry.npmjs.org/@esbuild%2fsunos-x64 369ms (cache miss)
147 silly packumentCache full:https://registry.npmjs.org/@esbuild%2fsunos-x64 set size:undefined disposed:false
148 silly fetch manifest @esbuild/openbsd-x64@0.25.12
149 silly packumentCache full:https://registry.npmjs.org/@esbuild%2fopenbsd-x64 cache-miss
150 http fetch GET 200 https://registry.npmjs.org/@esbuild%2fnetbsd-x64 379ms (cache miss)
151 silly packumentCache full:https://registry.npmjs.org/@esbuild%2fnetbsd-x64 set size:undefined disposed:false
152 silly fetch manifest @esbuild/win32-arm64@0.25.12
153 silly packumentCache full:https://registry.npmjs.org/@esbuild%2fwin32-arm64 cache-miss
154 http fetch GET 200 https://registry.npmjs.org/@esbuild%2flinux-ia32 470ms (cache miss)
155 silly packumentCache full:https://registry.npmjs.org/@esbuild%2flinux-ia32 set size:undefined disposed:false
156 silly fetch manifest @esbuild/darwin-arm64@0.25.12
157 silly packumentCache full:https://registry.npmjs.org/@esbuild%2fdarwin-arm64 cache-miss
158 http fetch GET 200 https://registry.npmjs.org/@esbuild%2fwin32-ia32 480ms (cache miss)
159 silly packumentCache full:https://registry.npmjs.org/@esbuild%2fwin32-ia32 set size:undefined disposed:false
160 silly fetch manifest @esbuild/netbsd-arm64@0.25.12
161 silly packumentCache full:https://registry.npmjs.org/@esbuild%2fnetbsd-arm64 cache-miss
162 http fetch GET 200 https://registry.npmjs.org/@esbuild%2fandroid-arm 502ms (cache miss)
163 silly packumentCache full:https://registry.npmjs.org/@esbuild%2fandroid-arm set size:undefined disposed:false
164 silly fetch manifest @esbuild/android-arm64@0.25.12
165 silly packumentCache full:https://registry.npmjs.org/@esbuild%2fandroid-arm64 cache-miss
166 http fetch GET 200 https://registry.npmjs.org/@esbuild%2fwin32-x64 537ms (cache miss)
167 silly packumentCache full:https://registry.npmjs.org/@esbuild%2fwin32-x64 set size:undefined disposed:false
168 silly fetch manifest @esbuild/freebsd-arm64@0.25.12
169 silly packumentCache full:https://registry.npmjs.org/@esbuild%2ffreebsd-arm64 cache-miss
170 http fetch GET 200 https://registry.npmjs.org/@esbuild%2flinux-arm64 246ms (cache miss)
171 silly packumentCache full:https://registry.npmjs.org/@esbuild%2flinux-arm64 set size:undefined disposed:false
172 silly fetch manifest @esbuild/linux-loong64@0.25.12
173 silly packumentCache full:https://registry.npmjs.org/@esbuild%2flinux-loong64 cache-miss
174 http fetch GET 200 https://registry.npmjs.org/@esbuild%2flinux-s390x 251ms (cache miss)
175 silly packumentCache full:https://registry.npmjs.org/@esbuild%2flinux-s390x set size:undefined disposed:false
176 silly fetch manifest @esbuild/linux-riscv64@0.25.12
177 silly packumentCache full:https://registry.npmjs.org/@esbuild%2flinux-riscv64 cache-miss
178 http fetch GET 200 https://registry.npmjs.org/@esbuild%2flinux-ppc64 269ms (cache miss)
179 silly packumentCache full:https://registry.npmjs.org/@esbuild%2flinux-ppc64 set size:undefined disposed:false
180 silly fetch manifest @esbuild/openbsd-arm64@0.25.12
181 silly packumentCache full:https://registry.npmjs.org/@esbuild%2fopenbsd-arm64 cache-miss
182 http fetch GET 200 https://registry.npmjs.org/@esbuild%2fandroid-x64 690ms (cache miss)
183 silly packumentCache full:https://registry.npmjs.org/@esbuild%2fandroid-x64 set size:undefined disposed:false
184 silly fetch manifest @esbuild/linux-mips64el@0.25.12
185 silly packumentCache full:https://registry.npmjs.org/@esbuild%2flinux-mips64el cache-miss
186 http fetch GET 200 https://registry.npmjs.org/@esbuild%2fnetbsd-arm64 251ms (cache miss)
187 silly packumentCache full:https://registry.npmjs.org/@esbuild%2fnetbsd-arm64 set size:undefined disposed:false
188 silly fetch manifest @esbuild/openharmony-arm64@0.25.12
189 silly packumentCache full:https://registry.npmjs.org/@esbuild%2fopenharmony-arm64 cache-miss
190 http fetch GET 200 https://registry.npmjs.org/@esbuild%2fdarwin-arm64 280ms (cache miss)
191 silly packumentCache full:https://registry.npmjs.org/@esbuild%2fdarwin-arm64 set size:undefined disposed:false
192 silly fetch manifest nanoid@^3.3.18
193 silly packumentCache full:https://registry.npmjs.org/nanoid cache-miss
194 http fetch GET 200 https://registry.npmjs.org/@esbuild%2fandroid-arm64 263ms (cache miss)
195 silly packumentCache full:https://registry.npmjs.org/@esbuild%2fandroid-arm64 set size:undefined disposed:false
196 silly fetch manifest picocolors@^1.1.1
197 silly packumentCache full:https://registry.npmjs.org/picocolors cache-miss
198 http fetch GET 200 https://registry.npmjs.org/@esbuild%2ffreebsd-x64 495ms (cache miss)
199 silly packumentCache full:https://registry.npmjs.org/@esbuild%2ffreebsd-x64 set size:undefined disposed:false
200 silly fetch manifest source-map-js@^1.2.1
201 silly packumentCache full:https://registry.npmjs.org/source-map-js cache-miss
202 http fetch GET 200 https://registry.npmjs.org/@esbuild%2flinux-mips64el 126ms (cache miss)
203 silly packumentCache full:https://registry.npmjs.org/@esbuild%2flinux-mips64el set size:undefined disposed:false
204 silly fetch manifest @types/estree@1.0.9
205 silly packumentCache full:https://registry.npmjs.org/@types%2festree cache-miss
206 http fetch GET 200 https://registry.npmjs.org/picocolors 101ms (cache miss)
207 silly packumentCache full:https://registry.npmjs.org/picocolors set size:undefined disposed:false
208 silly fetch manifest @rollup/rollup-darwin-x64@4.63.1
209 silly packumentCache full:https://registry.npmjs.org/@rollup%2frollup-darwin-x64 cache-miss
210 http fetch GET 200 https://registry.npmjs.org/@esbuild%2fopenbsd-arm64 261ms (cache miss)
211 silly packumentCache full:https://registry.npmjs.org/@esbuild%2fopenbsd-arm64 set size:undefined disposed:false
212 silly fetch manifest @rollup/rollup-freebsd-x64@4.63.1
213 silly packumentCache full:https://registry.npmjs.org/@rollup%2frollup-freebsd-x64 cache-miss
214 http fetch GET 200 https://registry.npmjs.org/nanoid 151ms (cache miss)
215 silly packumentCache full:https://registry.npmjs.org/nanoid set size:undefined disposed:false
216 silly fetch manifest @rollup/rollup-openbsd-x64@4.63.1
217 silly packumentCache full:https://registry.npmjs.org/@rollup%2frollup-openbsd-x64 cache-miss
218 http fetch GET 200 https://registry.npmjs.org/source-map-js 112ms (cache miss)
219 silly packumentCache full:https://registry.npmjs.org/source-map-js set size:undefined disposed:false
220 silly fetch manifest @napi-rs/lzma-linux-x64-gnu@1.5.1
221 silly packumentCache full:https://registry.npmjs.org/@napi-rs%2flzma-linux-x64-gnu cache-miss
222 http fetch GET 200 https://registry.npmjs.org/@esbuild%2flinux-loong64 349ms (cache miss)
223 silly packumentCache full:https://registry.npmjs.org/@esbuild%2flinux-loong64 set size:undefined disposed:false
224 silly fetch manifest @rollup/rollup-darwin-arm64@4.63.1
225 silly packumentCache full:https://registry.npmjs.org/@rollup%2frollup-darwin-arm64 cache-miss
226 http fetch GET 200 https://registry.npmjs.org/@esbuild%2fwin32-arm64 562ms (cache miss)
227 silly packumentCache full:https://registry.npmjs.org/@esbuild%2fwin32-arm64 set size:undefined disposed:false
228 silly fetch manifest @rollup/rollup-android-arm64@4.63.1
229 silly packumentCache full:https://registry.npmjs.org/@rollup%2frollup-android-arm64 cache-miss
230 http fetch GET 200 https://registry.npmjs.org/@esbuild%2ffreebsd-arm64 526ms (cache miss)
231 silly packumentCache full:https://registry.npmjs.org/@esbuild%2ffreebsd-arm64 set size:undefined disposed:false
232 silly fetch manifest @rollup/rollup-freebsd-arm64@4.63.1
233 silly packumentCache full:https://registry.npmjs.org/@rollup%2frollup-freebsd-arm64 cache-miss
234 http fetch GET 200 https://registry.npmjs.org/@esbuild%2flinux-riscv64 468ms (cache miss)
235 silly packumentCache full:https://registry.npmjs.org/@esbuild%2flinux-riscv64 set size:undefined disposed:false
236 silly fetch manifest @rollup/rollup-linux-x64-gnu@4.63.1
237 silly packumentCache full:https://registry.npmjs.org/@rollup%2frollup-linux-x64-gnu cache-miss
238 http fetch GET 200 https://registry.npmjs.org/@esbuild%2fopenbsd-x64 772ms (cache miss)
239 silly packumentCache full:https://registry.npmjs.org/@esbuild%2fopenbsd-x64 set size:undefined disposed:false
240 silly fetch manifest @rollup/rollup-win32-x64-gnu@4.63.1
241 silly packumentCache full:https://registry.npmjs.org/@rollup%2frollup-win32-x64-gnu cache-miss
242 http fetch GET 200 https://registry.npmjs.org/@rollup%2frollup-darwin-x64 299ms (cache miss)
243 silly packumentCache full:https://registry.npmjs.org/@rollup%2frollup-darwin-x64 set size:undefined disposed:false
244 silly fetch manifest @rollup/rollup-linux-x64-musl@4.63.1
245 silly packumentCache full:https://registry.npmjs.org/@rollup%2frollup-linux-x64-musl cache-miss
246 http fetch GET 200 https://registry.npmjs.org/@napi-rs%2flzma-linux-x64-gnu 282ms (cache miss)
247 silly packumentCache full:https://registry.npmjs.org/@napi-rs%2flzma-linux-x64-gnu set size:undefined disposed:false
248 silly fetch manifest @rollup/rollup-win32-x64-msvc@4.63.1
249 silly packumentCache full:https://registry.npmjs.org/@rollup%2frollup-win32-x64-msvc cache-miss
250 http fetch GET 200 https://registry.npmjs.org/@esbuild%2fopenharmony-arm64 484ms (cache miss)
251 silly packumentCache full:https://registry.npmjs.org/@esbuild%2fopenharmony-arm64 set size:undefined disposed:false
252 silly fetch manifest @rollup/rollup-linux-arm64-gnu@4.63.1
253 silly packumentCache full:https://registry.npmjs.org/@rollup%2frollup-linux-arm64-gnu cache-miss
254 http fetch GET 200 https://registry.npmjs.org/@rollup%2frollup-android-arm64 289ms (cache miss)
255 silly packumentCache full:https://registry.npmjs.org/@rollup%2frollup-android-arm64 set size:undefined disposed:false
256 silly fetch manifest @rollup/rollup-linux-ppc64-gnu@4.63.1
257 silly packumentCache full:https://registry.npmjs.org/@rollup%2frollup-linux-ppc64-gnu cache-miss
258 http fetch GET 200 https://registry.npmjs.org/@rollup%2frollup-linux-x64-gnu 162ms (cache miss)
259 silly packumentCache full:https://registry.npmjs.org/@rollup%2frollup-linux-x64-gnu set size:undefined disposed:false
260 silly fetch manifest @rollup/rollup-linux-s390x-gnu@4.63.1
261 silly packumentCache full:https://registry.npmjs.org/@rollup%2frollup-linux-s390x-gnu cache-miss
262 http fetch GET 200 https://registry.npmjs.org/@rollup%2frollup-freebsd-arm64 275ms (cache miss)
263 silly packumentCache full:https://registry.npmjs.org/@rollup%2frollup-freebsd-arm64 set size:undefined disposed:false
264 silly fetch manifest @rollup/rollup-win32-ia32-msvc@4.63.1
265 silly packumentCache full:https://registry.npmjs.org/@rollup%2frollup-win32-ia32-msvc cache-miss
266 http fetch GET 200 https://registry.npmjs.org/@rollup%2frollup-freebsd-x64 526ms (cache miss)
267 silly packumentCache full:https://registry.npmjs.org/@rollup%2frollup-freebsd-x64 set size:undefined disposed:false
268 silly fetch manifest @rollup/rollup-android-arm-eabi@4.63.1
269 silly packumentCache full:https://registry.npmjs.org/@rollup%2frollup-android-arm-eabi cache-miss
270 http fetch GET 200 https://registry.npmjs.org/@types%2festree 605ms (cache miss)
271 silly packumentCache full:https://registry.npmjs.org/@types%2festree set size:undefined disposed:false
272 silly fetch manifest @rollup/rollup-linux-arm64-musl@4.63.1
273 silly packumentCache full:https://registry.npmjs.org/@rollup%2frollup-linux-arm64-musl cache-miss
274 http fetch GET 200 https://registry.npmjs.org/@rollup%2frollup-win32-x64-gnu 313ms (cache miss)
275 silly packumentCache full:https://registry.npmjs.org/@rollup%2frollup-win32-x64-gnu set size:undefined disposed:false
276 silly fetch manifest @rollup/rollup-linux-ppc64-musl@4.63.1
277 silly packumentCache full:https://registry.npmjs.org/@rollup%2frollup-linux-ppc64-musl cache-miss
278 http fetch GET 200 https://registry.npmjs.org/@rollup%2frollup-darwin-arm64 549ms (cache miss)
279 silly packumentCache full:https://registry.npmjs.org/@rollup%2frollup-darwin-arm64 set size:undefined disposed:false
280 silly fetch manifest @rollup/rollup-win32-arm64-msvc@4.63.1
281 silly packumentCache full:https://registry.npmjs.org/@rollup%2frollup-win32-arm64-msvc cache-miss
282 http fetch GET 200 https://registry.npmjs.org/@rollup%2frollup-win32-x64-msvc 285ms (cache miss)
283 silly packumentCache full:https://registry.npmjs.org/@rollup%2frollup-win32-x64-msvc set size:undefined disposed:false
284 silly fetch manifest @rollup/rollup-linux-loong64-gnu@4.63.1
285 silly packumentCache full:https://registry.npmjs.org/@rollup%2frollup-linux-loong64-gnu cache-miss
286 http fetch GET 200 https://registry.npmjs.org/@rollup%2frollup-win32-ia32-msvc 255ms (cache miss)
287 silly packumentCache full:https://registry.npmjs.org/@rollup%2frollup-win32-ia32-msvc set size:undefined disposed:false
288 silly fetch manifest @rollup/rollup-linux-riscv64-gnu@4.63.1
289 silly packumentCache full:https://registry.npmjs.org/@rollup%2frollup-linux-riscv64-gnu cache-miss
290 http fetch GET 200 https://registry.npmjs.org/@rollup%2frollup-openbsd-x64 722ms (cache miss)
291 silly packumentCache full:https://registry.npmjs.org/@rollup%2frollup-openbsd-x64 set size:undefined disposed:false
292 silly fetch manifest @rollup/rollup-openharmony-arm64@4.63.1
293 silly packumentCache full:https://registry.npmjs.org/@rollup%2frollup-openharmony-arm64 cache-miss
294 http fetch GET 200 https://registry.npmjs.org/@rollup%2frollup-android-arm-eabi 260ms (cache miss)
295 silly packumentCache full:https://registry.npmjs.org/@rollup%2frollup-android-arm-eabi set size:undefined disposed:false
296 silly fetch manifest @rollup/rollup-linux-loong64-musl@4.63.1
297 silly packumentCache full:https://registry.npmjs.org/@rollup%2frollup-linux-loong64-musl cache-miss
298 http fetch GET 200 https://registry.npmjs.org/@rollup%2frollup-linux-arm64-musl 263ms (cache miss)
299 silly packumentCache full:https://registry.npmjs.org/@rollup%2frollup-linux-arm64-musl set size:undefined disposed:false
300 silly fetch manifest @rollup/rollup-linux-riscv64-musl@4.63.1
301 silly packumentCache full:https://registry.npmjs.org/@rollup%2frollup-linux-riscv64-musl cache-miss
302 http fetch GET 200 https://registry.npmjs.org/@rollup%2frollup-linux-ppc64-musl 260ms (cache miss)
303 silly packumentCache full:https://registry.npmjs.org/@rollup%2frollup-linux-ppc64-musl set size:undefined disposed:false
304 silly fetch manifest @rollup/rollup-linux-arm-gnueabihf@4.63.1
305 silly packumentCache full:https://registry.npmjs.org/@rollup%2frollup-linux-arm-gnueabihf cache-miss
306 http fetch GET 200 https://registry.npmjs.org/@rollup%2frollup-win32-arm64-msvc 260ms (cache miss)
307 silly packumentCache full:https://registry.npmjs.org/@rollup%2frollup-win32-arm64-msvc set size:undefined disposed:false
308 silly fetch manifest @rollup/rollup-linux-arm-musleabihf@4.63.1
309 silly packumentCache full:https://registry.npmjs.org/@rollup%2frollup-linux-arm-musleabihf cache-miss
310 http fetch GET 200 https://registry.npmjs.org/@rollup%2frollup-linux-loong64-gnu 261ms (cache miss)
311 silly packumentCache full:https://registry.npmjs.org/@rollup%2frollup-linux-loong64-gnu set size:undefined disposed:false
312 http fetch GET 200 https://registry.npmjs.org/@rollup%2frollup-linux-ppc64-gnu 539ms (cache miss)
313 silly packumentCache full:https://registry.npmjs.org/@rollup%2frollup-linux-ppc64-gnu set size:undefined disposed:false
314 http fetch GET 200 https://registry.npmjs.org/@rollup%2frollup-linux-arm64-gnu 574ms (cache miss)
315 silly packumentCache full:https://registry.npmjs.org/@rollup%2frollup-linux-arm64-gnu set size:undefined disposed:false
316 http fetch GET 200 https://registry.npmjs.org/@rollup%2frollup-linux-s390x-gnu 553ms (cache miss)
317 silly packumentCache full:https://registry.npmjs.org/@rollup%2frollup-linux-s390x-gnu set size:undefined disposed:false
318 http fetch GET 200 https://registry.npmjs.org/@rollup%2frollup-linux-riscv64-gnu 238ms (cache miss)
319 silly packumentCache full:https://registry.npmjs.org/@rollup%2frollup-linux-riscv64-gnu set size:undefined disposed:false
320 http fetch GET 200 https://registry.npmjs.org/@rollup%2frollup-linux-loong64-musl 259ms (cache miss)
321 silly packumentCache full:https://registry.npmjs.org/@rollup%2frollup-linux-loong64-musl set size:undefined disposed:false
322 http fetch GET 200 https://registry.npmjs.org/@rollup%2frollup-linux-riscv64-musl 247ms (cache miss)
323 silly packumentCache full:https://registry.npmjs.org/@rollup%2frollup-linux-riscv64-musl set size:undefined disposed:false
324 http fetch GET 200 https://registry.npmjs.org/@rollup%2frollup-linux-arm-gnueabihf 265ms (cache miss)
325 silly packumentCache full:https://registry.npmjs.org/@rollup%2frollup-linux-arm-gnueabihf set size:undefined disposed:false
326 http fetch GET 200 https://registry.npmjs.org/@rollup%2frollup-linux-x64-musl 812ms (cache miss)
327 silly packumentCache full:https://registry.npmjs.org/@rollup%2frollup-linux-x64-musl set size:undefined disposed:false
328 http fetch GET 200 https://registry.npmjs.org/@rollup%2frollup-linux-arm-musleabihf 290ms (cache miss)
329 silly packumentCache full:https://registry.npmjs.org/@rollup%2frollup-linux-arm-musleabihf set size:undefined disposed:false
330 http fetch GET 200 https://registry.npmjs.org/@rollup%2frollup-openharmony-arm64 495ms (cache miss)
331 silly packumentCache full:https://registry.npmjs.org/@rollup%2frollup-openharmony-arm64 set size:undefined disposed:false
332 silly placeDep ROOT @esbuild/aix-ppc64@0.25.12 OK for: esbuild@0.25.12 want: 0.25.12
333 silly placeDep ROOT @esbuild/android-arm@0.25.12 OK for: esbuild@0.25.12 want: 0.25.12
334 silly placeDep ROOT @esbuild/android-arm64@0.25.12 OK for: esbuild@0.25.12 want: 0.25.12
335 silly placeDep ROOT @esbuild/android-x64@0.25.12 OK for: esbuild@0.25.12 want: 0.25.12
336 silly placeDep ROOT @esbuild/darwin-arm64@0.25.12 OK for: esbuild@0.25.12 want: 0.25.12
337 silly placeDep ROOT @esbuild/darwin-x64@0.25.12 OK for: esbuild@0.25.12 want: 0.25.12
338 silly placeDep ROOT @esbuild/freebsd-arm64@0.25.12 OK for: esbuild@0.25.12 want: 0.25.12
339 silly placeDep ROOT @esbuild/freebsd-x64@0.25.12 OK for: esbuild@0.25.12 want: 0.25.12
340 silly placeDep ROOT @esbuild/linux-arm@0.25.12 OK for: esbuild@0.25.12 want: 0.25.12
341 silly placeDep ROOT @esbuild/linux-arm64@0.25.12 OK for: esbuild@0.25.12 want: 0.25.12
342 silly placeDep ROOT @esbuild/linux-ia32@0.25.12 OK for: esbuild@0.25.12 want: 0.25.12
343 silly placeDep ROOT @esbuild/linux-loong64@0.25.12 OK for: esbuild@0.25.12 want: 0.25.12
344 silly placeDep ROOT @esbuild/linux-mips64el@0.25.12 OK for: esbuild@0.25.12 want: 0.25.12
345 silly placeDep ROOT @esbuild/linux-ppc64@0.25.12 OK for: esbuild@0.25.12 want: 0.25.12
346 silly placeDep ROOT @esbuild/linux-riscv64@0.25.12 OK for: esbuild@0.25.12 want: 0.25.12
347 silly placeDep ROOT @esbuild/linux-s390x@0.25.12 OK for: esbuild@0.25.12 want: 0.25.12
348 silly placeDep ROOT @esbuild/linux-x64@0.25.12 OK for: esbuild@0.25.12 want: 0.25.12
349 silly placeDep ROOT @esbuild/netbsd-arm64@0.25.12 OK for: esbuild@0.25.12 want: 0.25.12
350 silly placeDep ROOT @esbuild/netbsd-x64@0.25.12 OK for: esbuild@0.25.12 want: 0.25.12
351 silly placeDep ROOT @esbuild/openbsd-arm64@0.25.12 OK for: esbuild@0.25.12 want: 0.25.12
352 silly placeDep ROOT @esbuild/openbsd-x64@0.25.12 OK for: esbuild@0.25.12 want: 0.25.12
353 silly placeDep ROOT @esbuild/openharmony-arm64@0.25.12 OK for: esbuild@0.25.12 want: 0.25.12
354 silly placeDep ROOT @esbuild/sunos-x64@0.25.12 OK for: esbuild@0.25.12 want: 0.25.12
355 silly placeDep ROOT @esbuild/win32-arm64@0.25.12 OK for: esbuild@0.25.12 want: 0.25.12
356 silly placeDep ROOT @esbuild/win32-ia32@0.25.12 OK for: esbuild@0.25.12 want: 0.25.12
357 silly placeDep ROOT @esbuild/win32-x64@0.25.12 OK for: esbuild@0.25.12 want: 0.25.12
358 silly placeDep ROOT nanoid@3.3.18 OK for: postcss@8.5.28 want: ^3.3.18
359 silly placeDep ROOT picocolors@1.1.1 OK for: postcss@8.5.28 want: ^1.1.1
360 silly placeDep ROOT source-map-js@1.2.1 OK for: postcss@8.5.28 want: ^1.2.1
361 silly placeDep ROOT @napi-rs/lzma-linux-x64-gnu@1.5.1 OK for: rollup@4.63.1 want: 1.5.1
362 silly placeDep ROOT @rollup/rollup-android-arm-eabi@4.63.1 OK for: rollup@4.63.1 want: 4.63.1
363 silly placeDep ROOT @rollup/rollup-android-arm64@4.63.1 OK for: rollup@4.63.1 want: 4.63.1
364 silly placeDep ROOT @rollup/rollup-darwin-arm64@4.63.1 OK for: rollup@4.63.1 want: 4.63.1
365 silly placeDep ROOT @rollup/rollup-darwin-x64@4.63.1 OK for: rollup@4.63.1 want: 4.63.1
366 silly placeDep ROOT @rollup/rollup-freebsd-arm64@4.63.1 OK for: rollup@4.63.1 want: 4.63.1
367 silly placeDep ROOT @rollup/rollup-freebsd-x64@4.63.1 OK for: rollup@4.63.1 want: 4.63.1
368 silly placeDep ROOT @rollup/rollup-linux-arm-gnueabihf@4.63.1 OK for: rollup@4.63.1 want: 4.63.1
369 silly placeDep ROOT @rollup/rollup-linux-arm-musleabihf@4.63.1 OK for: rollup@4.63.1 want: 4.63.1
370 silly placeDep ROOT @rollup/rollup-linux-arm64-gnu@4.63.1 OK for: rollup@4.63.1 want: 4.63.1
371 silly placeDep ROOT @rollup/rollup-linux-arm64-musl@4.63.1 OK for: rollup@4.63.1 want: 4.63.1
372 silly placeDep ROOT @rollup/rollup-linux-loong64-gnu@4.63.1 OK for: rollup@4.63.1 want: 4.63.1
373 silly placeDep ROOT @rollup/rollup-linux-loong64-musl@4.63.1 OK for: rollup@4.63.1 want: 4.63.1
374 silly placeDep ROOT @rollup/rollup-linux-ppc64-gnu@4.63.1 OK for: rollup@4.63.1 want: 4.63.1
375 silly placeDep ROOT @rollup/rollup-linux-ppc64-musl@4.63.1 OK for: rollup@4.63.1 want: 4.63.1
376 silly placeDep ROOT @rollup/rollup-linux-riscv64-gnu@4.63.1 OK for: rollup@4.63.1 want: 4.63.1
377 silly placeDep ROOT @rollup/rollup-linux-riscv64-musl@4.63.1 OK for: rollup@4.63.1 want: 4.63.1
378 silly placeDep ROOT @rollup/rollup-linux-s390x-gnu@4.63.1 OK for: rollup@4.63.1 want: 4.63.1
379 silly placeDep ROOT @rollup/rollup-linux-x64-gnu@4.63.1 OK for: rollup@4.63.1 want: 4.63.1
380 silly placeDep ROOT @rollup/rollup-linux-x64-musl@4.63.1 OK for: rollup@4.63.1 want: 4.63.1
381 silly placeDep ROOT @rollup/rollup-openbsd-x64@4.63.1 OK for: rollup@4.63.1 want: 4.63.1
382 silly placeDep ROOT @rollup/rollup-openharmony-arm64@4.63.1 OK for: rollup@4.63.1 want: 4.63.1
383 silly placeDep ROOT @rollup/rollup-win32-arm64-msvc@4.63.1 OK for: rollup@4.63.1 want: 4.63.1
384 silly placeDep ROOT @rollup/rollup-win32-ia32-msvc@4.63.1 OK for: rollup@4.63.1 want: 4.63.1
385 silly placeDep ROOT @rollup/rollup-win32-x64-gnu@4.63.1 OK for: rollup@4.63.1 want: 4.63.1
386 silly placeDep ROOT @rollup/rollup-win32-x64-msvc@4.63.1 OK for: rollup@4.63.1 want: 4.63.1
387 silly placeDep ROOT @types/estree@1.0.9 OK for: rollup@4.63.1 want: 1.0.9
388 silly reify moves {}
389 silly audit bulk request {
389 silly audit   typescript: [ '5.9.3' ],
389 silly audit   vite: [ '6.4.3' ],
389 silly audit   esbuild: [ '0.25.12' ],
389 silly audit   fdir: [ '6.5.0' ],
389 silly audit   fsevents: [ '2.3.3' ],
389 silly audit   picomatch: [ '4.0.7' ],
389 silly audit   postcss: [ '8.5.28' ],
389 silly audit   rollup: [ '4.63.1' ],
389 silly audit   tinyglobby: [ '0.2.17' ],
389 silly audit   '@esbuild/aix-ppc64': [ '0.25.12' ],
389 silly audit   '@esbuild/android-arm': [ '0.25.12' ],
389 silly audit   '@esbuild/android-arm64': [ '0.25.12' ],
389 silly audit   '@esbuild/android-x64': [ '0.25.12' ],
389 silly audit   '@esbuild/darwin-arm64': [ '0.25.12' ],
389 silly audit   '@esbuild/darwin-x64': [ '0.25.12' ],
389 silly audit   '@esbuild/freebsd-arm64': [ '0.25.12' ],
389 silly audit   '@esbuild/freebsd-x64': [ '0.25.12' ],
389 silly audit   '@esbuild/linux-arm': [ '0.25.12' ],
389 silly audit   '@esbuild/linux-arm64': [ '0.25.12' ],
389 silly audit   '@esbuild/linux-ia32': [ '0.25.12' ],
389 silly audit   '@esbuild/linux-loong64': [ '0.25.12' ],
389 silly audit   '@esbuild/linux-mips64el': [ '0.25.12' ],
389 silly audit   '@esbuild/linux-ppc64': [ '0.25.12' ],
389 silly audit   '@esbuild/linux-riscv64': [ '0.25.12' ],
389 silly audit   '@esbuild/linux-s390x': [ '0.25.12' ],
389 silly audit   '@esbuild/linux-x64': [ '0.25.12' ],
389 silly audit   '@esbuild/netbsd-arm64': [ '0.25.12' ],
389 silly audit   '@esbuild/netbsd-x64': [ '0.25.12' ],
389 silly audit   '@esbuild/openbsd-arm64': [ '0.25.12' ],
389 silly audit   '@esbuild/openbsd-x64': [ '0.25.12' ],
389 silly audit   '@esbuild/openharmony-arm64': [ '0.25.12' ],
389 silly audit   '@esbuild/sunos-x64': [ '0.25.12' ],
389 silly audit   '@esbuild/win32-arm64': [ '0.25.12' ],
389 silly audit   '@esbuild/win32-ia32': [ '0.25.12' ],
389 silly audit   '@esbuild/win32-x64': [ '0.25.12' ],
389 silly audit   nanoid: [ '3.3.18' ],
389 silly audit   picocolors: [ '1.1.1' ],
389 silly audit   'source-map-js': [ '1.2.1' ],
389 silly audit   '@napi-rs/lzma-linux-x64-gnu': [ '1.5.1' ],
389 silly audit   '@rollup/rollup-android-arm-eabi': [ '4.63.1' ],
389 silly audit   '@rollup/rollup-android-arm64': [ '4.63.1' ],
389 silly audit   '@rollup/rollup-darwin-arm64': [ '4.63.1' ],
389 silly audit   '@rollup/rollup-darwin-x64': [ '4.63.1' ],
389 silly audit   '@rollup/rollup-freebsd-arm64': [ '4.63.1' ],
389 silly audit   '@rollup/rollup-freebsd-x64': [ '4.63.1' ],
389 silly audit   '@rollup/rollup-linux-arm-gnueabihf': [ '4.63.1' ],
389 silly audit   '@rollup/rollup-linux-arm-musleabihf': [ '4.63.1' ],
389 silly audit   '@rollup/rollup-linux-arm64-gnu': [ '4.63.1' ],
389 silly audit   '@rollup/rollup-linux-arm64-musl': [ '4.63.1' ],
389 silly audit   '@rollup/rollup-linux-loong64-gnu': [ '4.63.1' ],
389 silly audit   '@rollup/rollup-linux-loong64-musl': [ '4.63.1' ],
389 silly audit   '@rollup/rollup-linux-ppc64-gnu': [ '4.63.1' ],
389 silly audit   '@rollup/rollup-linux-ppc64-musl': [ '4.63.1' ],
389 silly audit   '@rollup/rollup-linux-riscv64-gnu': [ '4.63.1' ],
389 silly audit   '@rollup/rollup-linux-riscv64-musl': [ '4.63.1' ],
389 silly audit   '@rollup/rollup-linux-s390x-gnu': [ '4.63.1' ],
389 silly audit   '@rollup/rollup-linux-x64-gnu': [ '4.63.1' ],
389 silly audit   '@rollup/rollup-linux-x64-musl': [ '4.63.1' ],
389 silly audit   '@rollup/rollup-openbsd-x64': [ '4.63.1' ],
389 silly audit   '@rollup/rollup-openharmony-arm64': [ '4.63.1' ],
389 silly audit   '@rollup/rollup-win32-arm64-msvc': [ '4.63.1' ],
389 silly audit   '@rollup/rollup-win32-ia32-msvc': [ '4.63.1' ],
389 silly audit   '@rollup/rollup-win32-x64-gnu': [ '4.63.1' ],
389 silly audit   '@rollup/rollup-win32-x64-msvc': [ '4.63.1' ],
389 silly audit   '@types/estree': [ '1.0.9' ]
389 silly audit }
390 http cache @types/estree@https://registry.npmjs.org/@types/estree/-/estree-1.0.9.tgz 0ms (cache hit)
391 http cache @rollup/rollup-win32-x64-gnu@https://registry.npmjs.org/@rollup/rollup-win32-x64-gnu/-/rollup-win32-x64-gnu-4.63.1.tgz 0ms (cache hit)
392 http cache source-map-js@https://registry.npmjs.org/source-map-js/-/source-map-js-1.2.1.tgz 0ms (cache hit)
393 http cache @rollup/rollup-win32-x64-msvc@https://registry.npmjs.org/@rollup/rollup-win32-x64-msvc/-/rollup-win32-x64-msvc-4.63.1.tgz 0ms (cache hit)
394 http cache picocolors@https://registry.npmjs.org/picocolors/-/picocolors-1.1.1.tgz 1ms (cache hit)
395 http cache @esbuild/win32-x64@https://registry.npmjs.org/@esbuild/win32-x64/-/win32-x64-0.25.12.tgz 0ms (cache hit)
396 http cache nanoid@https://registry.npmjs.org/nanoid/-/nanoid-3.3.18.tgz 0ms (cache hit)
397 http cache tinyglobby@https://registry.npmjs.org/tinyglobby/-/tinyglobby-0.2.17.tgz 0ms (cache hit)
398 http cache rollup@https://registry.npmjs.org/rollup/-/rollup-4.63.1.tgz 0ms (cache hit)
399 http cache fdir@https://registry.npmjs.org/fdir/-/fdir-6.5.0.tgz 0ms (cache hit)
400 http cache picomatch@https://registry.npmjs.org/picomatch/-/picomatch-4.0.7.tgz 0ms (cache hit)
401 http cache postcss@https://registry.npmjs.org/postcss/-/postcss-8.5.28.tgz 0ms (cache hit)
402 silly tarball no local data for @types/estree@https://registry.npmjs.org/@types/estree/-/estree-1.0.9.tgz. Extracting by manifest.
403 http cache esbuild@https://registry.npmjs.org/esbuild/-/esbuild-0.25.12.tgz 0ms (cache hit)
404 silly tarball no local data for @rollup/rollup-win32-x64-gnu@https://registry.npmjs.org/@rollup/rollup-win32-x64-gnu/-/rollup-win32-x64-gnu-4.63.1.tgz. Extracting by manifest.
405 silly tarball no local data for source-map-js@https://registry.npmjs.org/source-map-js/-/source-map-js-1.2.1.tgz. Extracting by manifest.
406 silly tarball no local data for @rollup/rollup-win32-x64-msvc@https://registry.npmjs.org/@rollup/rollup-win32-x64-msvc/-/rollup-win32-x64-msvc-4.63.1.tgz. Extracting by manifest.
407 http cache vite@https://registry.npmjs.org/vite/-/vite-6.4.3.tgz 0ms (cache hit)
408 silly tarball no local data for picocolors@https://registry.npmjs.org/picocolors/-/picocolors-1.1.1.tgz. Extracting by manifest.
409 silly tarball no local data for @esbuild/win32-x64@https://registry.npmjs.org/@esbuild/win32-x64/-/win32-x64-0.25.12.tgz. Extracting by manifest.
410 http cache typescript@https://registry.npmjs.org/typescript/-/typescript-5.9.3.tgz 0ms (cache hit)
411 silly tarball no local data for nanoid@https://registry.npmjs.org/nanoid/-/nanoid-3.3.18.tgz. Extracting by manifest.
412 silly tarball no local data for tinyglobby@https://registry.npmjs.org/tinyglobby/-/tinyglobby-0.2.17.tgz. Extracting by manifest.
413 silly tarball no local data for rollup@https://registry.npmjs.org/rollup/-/rollup-4.63.1.tgz. Extracting by manifest.
414 silly tarball no local data for fdir@https://registry.npmjs.org/fdir/-/fdir-6.5.0.tgz. Extracting by manifest.
415 silly tarball no local data for picomatch@https://registry.npmjs.org/picomatch/-/picomatch-4.0.7.tgz. Extracting by manifest.
416 silly tarball no local data for postcss@https://registry.npmjs.org/postcss/-/postcss-8.5.28.tgz. Extracting by manifest.
417 silly tarball no local data for esbuild@https://registry.npmjs.org/esbuild/-/esbuild-0.25.12.tgz. Extracting by manifest.
418 silly tarball no local data for vite@https://registry.npmjs.org/vite/-/vite-6.4.3.tgz. Extracting by manifest.
419 silly tarball no local data for typescript@https://registry.npmjs.org/typescript/-/typescript-5.9.3.tgz. Extracting by manifest.
420 http fetch GET 200 https://registry.npmjs.org/@types/estree/-/estree-1.0.9.tgz 169ms (cache miss)
421 http fetch GET 200 https://registry.npmjs.org/picocolors/-/picocolors-1.1.1.tgz 169ms (cache miss)
422 http fetch GET 200 https://registry.npmjs.org/tinyglobby/-/tinyglobby-0.2.17.tgz 178ms (cache miss)
423 http fetch GET 200 https://registry.npmjs.org/nanoid/-/nanoid-3.3.18.tgz 180ms (cache miss)
424 http fetch GET 200 https://registry.npmjs.org/fdir/-/fdir-6.5.0.tgz 182ms (cache miss)
425 http fetch POST 200 https://registry.npmjs.org/-/npm/v1/security/advisories/bulk 321ms
426 silly audit report {}
427 http fetch GET 200 https://registry.npmjs.org/source-map-js/-/source-map-js-1.2.1.tgz 283ms (cache miss)
428 http fetch GET 200 https://registry.npmjs.org/esbuild/-/esbuild-0.25.12.tgz 473ms (cache miss)
429 http fetch GET 200 https://registry.npmjs.org/picomatch/-/picomatch-4.0.7.tgz 507ms (cache miss)
430 http fetch GET 200 https://registry.npmjs.org/rollup/-/rollup-4.63.1.tgz 579ms (cache miss)
431 http fetch GET 200 https://registry.npmjs.org/postcss/-/postcss-8.5.28.tgz 781ms (cache miss)
432 http fetch GET 200 https://registry.npmjs.org/@rollup/rollup-win32-x64-gnu/-/rollup-win32-x64-gnu-4.63.1.tgz 1406ms (cache miss)
433 http fetch GET 200 https://registry.npmjs.org/vite/-/vite-6.4.3.tgz 1646ms (cache miss)
434 http fetch GET 200 https://registry.npmjs.org/@rollup/rollup-win32-x64-msvc/-/rollup-win32-x64-msvc-4.63.1.tgz 1681ms (cache miss)
435 http fetch GET 200 https://registry.npmjs.org/typescript/-/typescript-5.9.3.tgz 1737ms (cache miss)
436 http fetch GET 200 https://registry.npmjs.org/@esbuild/win32-x64/-/win32-x64-0.25.12.tgz 3318ms (cache miss)
437 info run esbuild@0.25.12 postinstall node_modules/esbuild node install.js
438 info run esbuild@0.25.12 postinstall { code: 0, signal: null }
439 silly ADD node_modules/@types/estree
440 silly ADD node_modules/@rollup/rollup-win32-x64-msvc
441 silly ADD node_modules/@rollup/rollup-win32-x64-gnu
442 silly ADD node_modules/source-map-js
443 silly ADD node_modules/picocolors
444 silly ADD node_modules/nanoid
445 silly ADD node_modules/@esbuild/win32-x64
446 silly ADD node_modules/tinyglobby
447 silly ADD node_modules/rollup
448 silly ADD node_modules/postcss
449 silly ADD node_modules/picomatch
450 silly ADD node_modules/fdir
451 silly ADD node_modules/esbuild
452 silly ADD node_modules/vite
453 silly ADD node_modules/typescript
454 warn allow-scripts 1 package has install scripts not yet covered by allowScripts:
454 warn allow-scripts   esbuild@0.25.12 (postinstall: node install.js)
454 warn allow-scripts
454 warn allow-scripts Run `npm approve-scripts --allow-scripts-pending` to review, or `npm approve-scripts <pkg>` to allow.
455 verbose cwd C:\Users\arjav\OneDrive\Documents\ACM\memory minigame
456 verbose os Windows_NT 10.0.26200
457 verbose node v24.19.0
458 verbose npm  v11.17.0
459 notice
459 notice New major version of npm available! 11.17.0 -> 12.0.2
459 notice Changelog: https://github.com/npm/cli/releases/tag/v12.0.2
459 notice To update run: npm install -g npm@12.0.2
459 notice  { force: true, Symbol(proc-log.meta): true }
460 verbose exit 0
461 info ok
